  lmmmmmmm:mmmmmmml		8=
D!Bl8B #l	ll=ll("l#?llllllll! 
!lllllllllll"A"llllllllllllll<lllllll"